Successfully loaded spec file containing 1438 frame transitions at 23.976023976023978 FPS
Recording analysis contains 1440 frame transitions, with first transition at ~8.567964 seconds and last transition at ~68.626747 seconds for a total of ~60.058783 seconds
Deduced from delayed transitions that rising edges are transitions to black and falling edges are transitions to white
Valid, non-delayed transition interval standard deviation: ~0.008443 seconds
