Successfully loaded spec file describing 1440 frames at 23.976023976023978 FPS (60.059999999999995 seconds)
Successfully loaded recording containing 3031731 samples at 48000 Hz (63.1610625 seconds)
Downsampling recording by 24.0x (to 2000.0 Hz)
Test signal appears to start at sample 6 (0.003 seconds) and end at sample 126323 (63.1615 seconds) in the recording.
Removing frequencies lower than 8.476804569668902 Hz from the recording
Kept 1438 slope peaks whose prominence is above ~0.941. First edge is right after sample 21 (0.0105 seconds) and last edge is right after sample 126292 (63.146 seconds).
