Successfully loaded spec file describing 1502 frames at 25.0 FPS (60.08 seconds)
Successfully loaded recording containing 610000 samples at 8000 Hz (76.25 seconds)
Downsampling recording by 4.0x (to 2000.0 Hz)
Removing frequencies lower than 8.838834764831843 Hz from the recording
Test signal appears to start at sample 19592 (9.796 seconds) and end at sample 141057 (70.5285 seconds) in the recording.
Upsampling recording by 2x (to 4000.0 Hz)
Kept 1502 slope peaks whose prominence is above ~0.216 or below ~-0.216. First edge is right after sample 1334 (0.3335 seconds) and last edge is right after sample 241663 (60.41575 seconds).
