Successfully loaded spec file describing 7194 frames at 119.88011988011988 FPS (60.00995 seconds)
Successfully loaded recording containing 677520 samples at 8000 Hz (84.69 seconds)
Downsampling recording by 4.0x (to 2000.0 Hz)
Test signal appears to start at sample 30535 (15.2675 seconds) and end at sample 151696 (75.848 seconds) in the recording.
Removing frequencies lower than 42.3840228483445 Hz from the recording
Kept 7195 slope peaks whose prominence is above ~0.0462. First edge is right after sample 524 (0.262 seconds) and last edge is right after sample 120545 (60.2725 seconds).
