Successfully loaded spec file containing 7192 frame transitions at 119.88011988011988 FPS
Recording analysis contains 7195 frame transitions, with first transition at ~15.553378 seconds and last transition at ~75.570233 seconds for a total of ~60.016855 seconds
Deduced from delayed transitions that rising edges are transitions to black and falling edges are transitions to white
