Successfully loaded spec file containing 7192 frame transitions at 119.88011988011988 FPS
Recording analysis contains 7201 frame transitions, with first transition at ~11.966773 seconds and last transition at ~85.738814 seconds for a total of ~73.772041 seconds
WARNING: number of recorded transitions is inconsistent with the spec. Either the recording is corrupted, or the video player skipped/duplicate some transitions entirely. This makes it difficult to figure out which transitions were intentionally delayed, and as such those may be incorrectly annotated.
Valid, non-delayed transition interval standard deviation: ~0.088019 seconds
