Successfully loaded spec file describing 1440 frames at 23.976023976023978 FPS (60.059999999999995 seconds)
Successfully loaded recording containing 3514611 samples at 48000 Hz (73.2210625 seconds)
Downsampling recording by 24.0x (to 2000.0 Hz)
Removing frequencies lower than 8.476804569668902 Hz from the recording
Test signal appears to start at sample 9581 (4.7905 seconds) and end at sample 136852 (68.426 seconds) in the recording.
Upsampling recording by 2x (to 4000.0 Hz)
Kept 1438 slope peaks whose prominence is above ~0.0906 or below ~-0.0906. First edge is right after sample 1013 (0.25325 seconds) and last edge is right after sample 253555 (63.38875 seconds).
First/last edge slopes relative to neighbors min: ~1.18/~1.37
First edge is rising and last edge is falling. Deducing that a falling edge means a transition to black and a rising edge means a transition to white.
