Successfully loaded spec file containing 3600 frame transitions at 60.0 FPS
Recording analysis contains 3602 frame transitions, with first transition at ~6.070338 seconds and last transition at ~66.105070 seconds for a total of ~60.034732 seconds
Deduced from delayed transitions that rising edges are transitions to black and falling edges are transitions to white
Valid, non-delayed transition interval standard deviation: ~0.002317 seconds
