Successfully loaded spec file containing 7192 frame transitions at 119.88011988011988 FPS
Recording analysis contains 7191 frame transitions, with first transition at ~18.326460 seconds and last transition at ~78.312525 seconds for a total of ~59.986065 seconds
Valid, non-delayed transition interval standard deviation: ~0.000012 seconds
