Successfully loaded spec file describing 1440 frames at 23.976023976023978 FPS (60.059999999999995 seconds)
Successfully loaded recording containing 751120 samples at 8000 Hz (93.89 seconds)
Downsampling recording by 4.0x (to 2000.0 Hz)
Removing frequencies lower than 8.476804569668902 Hz from the recording
Test signal appears to start at sample 47543 (23.7715 seconds) and end at sample 168840 (84.42 seconds) in the recording.
Upsampling recording by 2x (to 4000.0 Hz)
Kept 1438 slope peaks whose prominence is above ~0.279 or below ~-0.279. First edge is right after sample 1521 (0.38025 seconds) and last edge is right after sample 241071 (60.26775 seconds).
First edge is falling and last edge is rising. Deducing that a falling edge means a transition to white and a rising edge means a transition to black.
