Successfully loaded spec file containing 1438 frame transitions at 23.976023976023978 FPS
Recording analysis contains 1438 frame transitions, with first transition at ~24.107250 seconds and last transition at ~84.083000 seconds for a total of ~59.975750 seconds
Number of recorded transitions matches the spec. Good.
Valid, non-delayed transition interval standard deviation: ~0.003033 seconds
