Successfully loaded spec file containing 1438 frame transitions at 23.976023976023978 FPS
Recording analysis contains 1440 frame transitions, with first transition at ~6.502304 seconds and last transition at ~66.582392 seconds for a total of ~60.080088 seconds
WARNING: data contains 1 edges where the previous edge is the same direction (i.e. transition from one color to the same color). This usually means the analyzer failed to make sense of some of the recording. These transitions will be reported as "invalid".
Valid, non-delayed transition interval standard deviation: ~0.000850 seconds
