Successfully loaded spec file containing 1438 frame transitions at 23.976023976023978 FPS
Recording analysis contains 1438 frame transitions, with first transition at ~5.041925 seconds and last transition at ~65.018565 seconds for a total of ~59.976641 seconds
Deduced from delayed transitions that rising edges are transitions to white and falling edges are transitions to black
Valid, non-delayed transition interval standard deviation: ~0.000054 seconds
