Successfully loaded spec file containing 10 frame transitions at 100.0 FPS
Recording analysis contains 10 frame transitions, with first transition at ~10.000000 seconds and last transition at ~10.095000 seconds for a total of ~0.095000 seconds
Valid, non-delayed transition interval standard deviation: ~0.000000 seconds
