Successfully loaded spec file containing 14400 frame transitions at 240.0 FPS
Recording analysis contains 14394 frame transitions, with first transition at ~6.600669 seconds and last transition at ~66.608342 seconds for a total of ~60.007674 seconds
Deduced from delayed transitions that rising edges are transitions to white and falling edges are transitions to black
Valid, non-delayed transition interval standard deviation: ~0.000228 seconds
