Successfully loaded spec file describing 1440 frames at 23.976023976023978 FPS (60.059999999999995 seconds)
Successfully loaded recording containing 551840 samples at 8000 Hz (68.98 seconds)
Downsampling recording by 4.0x (to 2000.0 Hz)
Removing frequencies lower than 8.476804569668902 Hz from the recording
Test signal appears to start at sample 12204 (6.102 seconds) and end at sample 133341 (66.6705 seconds) in the recording.
Upsampling recording by 2x (to 4000.0 Hz)
Kept 1436 slope peaks whose prominence is above ~0.0625 or below ~-0.0625. First edge is right after sample 1332 (0.333 seconds) and last edge is right after sample 240913 (60.22825 seconds).
First edge is rising and last edge is falling. Deducing that a falling edge means a transition to black and a rising edge means a transition to white.
