Successfully loaded spec file containing 3600 frame transitions at 60.0 FPS
Recording analysis contains 3600 frame transitions, with first transition at ~5.751414 seconds and last transition at ~65.757490 seconds for a total of ~60.006077 seconds
Valid, non-delayed transition interval standard deviation: ~0.000136 seconds
